
> starter_helpi@0.1.0 test
> react-scripts test --coverage

FAIL src/tests/App.test.tsx
  ● Test suite failed to run

    Jest encountered an unexpected token

    Jest failed to parse a file. This happens e.g. when your code or its dependencies use non-standard JavaScript syntax, or when Jest is not configured to support such syntax.

    Out of the box Jest supports Babel, which will be used to transform your files into valid JS based on your Babel configuration.

    By default "node_modules" folder is ignored by transformers.

    Here's what you can do:
     • If you are trying to use ECMAScript Modules, see https://jestjs.io/docs/ecmascript-modules for how to enable it.
     • If you are trying to use TypeScript, see https://jestjs.io/docs/getting-started#using-typescript
     • To have some of your "node_modules" files transformed, you can specify a custom "transformIgnorePatterns" in your config.
     • If you need a custom transformation specify a "transform" option in your config.
     • If you simply want to mock your non-JS modules (e.g. binary assets) you can stub them out with the "moduleNameMapper" config option.

    You'll find more details and examples of these config options in the docs:
    https://jestjs.io/docs/configuration
    For information about custom transformations, see:
    https://jestjs.io/docs/code-transformation

    Details:

    /home/runner/work/starterhelpi/starterhelpi/node_modules/react-snowfall/lib/index.js:1
    ({"Object.<anonymous>":function(module,exports,require,__dirname,__filename,jest){export * from './SnowfallCanvas.js';
                                                                                      ^^^^^^

    SyntaxError: Unexpected token 'export'

    [0m [90m  5 |[39m [36mimport[39m clickSound [36mfrom[39m [32m'./click.mp3'[39m[33m;[39m
     [90m  6 |[39m [36mimport[39m [33mFooter[39m [36mfrom[39m [32m'./footer'[39m[33m;[39m
    [31m[1m>[22m[39m[90m  7 |[39m [36mimport[39m [33mSnowfall[39m [36mfrom[39m [32m'react-snowfall'[39m
     [90m    |[39m [31m[1m^[22m[39m
     [90m  8 |[39m
     [90m  9 |[39m [36mconst[39m audio [33m=[39m [36mnew[39m [33mAudio[39m(clickSound)[33m;[39m
     [90m 10 |[39m[0m

      at Runtime.createScriptFromCode (node_modules/jest-runtime/build/index.js:1728:14)
      at Object.<anonymous> (src/App.tsx:7:1)
      at Object.<anonymous> (src/tests/App.test.tsx:3:1)

FAIL src/tests/DetailedQs.test.tsx
  ● testing the detailed questions page › if there is a button to go to the FAQ and the User Profile

    TestingLibraryElementError: Unable to find an accessible element with the role "button" and name `/User Profile/i`

    Here are the accessible roles:

      banner:

      Name "":
      [36m<header[39m
        [33mdata-testid[39m=[32m"header"[39m
        [33mstyle[39m=[32m"justify-content: space-between;"[39m
      [36m/>[39m

      --------------------------------------------------
      heading:

      Name "DETAILED QUESTIONS":
      [36m<h1[39m
        [33mstyle[39m=[32m"font-family: callingstone; font-size: 35px; padding-top: 10px;"[39m
      [36m/>[39m

      Name "Answer these questions for a more personalized career suggestion! Instead of just a general field, you'll answer in-depth questions about your interests, skills, and work preferences to get a more specific career match tailored to you.":
      [36m<h5[39m
        [33mclass[39m=[32m"description"[39m
        [33mstyle[39m=[32m"color: rgb(230, 217, 217); font-style: italic; text-align: center;"[39m
      [36m/>[39m

      Name "1) Which type of work environment do you prefer?":
      [36m<h3 />[39m

      Name "2) Which skills do you excel at or enjoy using the most?":
      [36m<h3 />[39m

      --------------------------------------------------
      button:

      Name "homePage":
      [36m<button[39m
        [33mclass[39m=[32m"back-button"[39m
      [36m/>[39m

      Name "FAQ":
      [36m<button />[39m

      Name "Basic Questions":
      [36m<button />[39m

      Name "⬅️ Previous":
      [36m<button[39m
        [33mdisabled[39m=[32m""[39m
      [36m/>[39m

      Name "Next ➡️":
      [36m<button />[39m

      Name "Submit":
      [36m<button[39m
        [33mclass[39m=[32m"submit-button disabled"[39m
        [33mdisabled[39m=[32m""[39m
      [36m/>[39m

      Name "Clear":
      [36m<button[39m
        [33mclass[39m=[32m"clear-button"[39m
        [33mdisabled[39m=[32m""[39m
      [36m/>[39m

      --------------------------------------------------
      img:

      Name "homePage":
      [36m<img[39m
        [33malt[39m=[32m"polar bear wearing a graduation cap"[39m
        [33maria-label[39m=[32m"homePage"[39m
        [33mheight[39m=[32m"30"[39m
        [33msrc[39m=[32m"./cisc275-logo.png"[39m
        [33mwidth[39m=[32m"30"[39m
      [36m/>[39m

      --------------------------------------------------
      paragraph:

      Name "":
      [36m<p[39m
        [33mstyle[39m=[32m"color: snow; margin: 2%; justify-content: center;"[39m
      [36m/>[39m

      Name "":
      [36m<p />[39m

      --------------------------------------------------
      radio:

      Name "Structured office setting":
      [36m<input[39m
        [33mclass[39m=[32m"form-check-input"[39m
        [33mid[39m=[32m"office"[39m
        [33mname[39m=[32m"work-environment"[39m
        [33mtype[39m=[32m"radio"[39m
        [33mvalue[39m=[32m"office"[39m
      [36m/>[39m

      Name "Flexible remote work":
      [36m<input[39m
        [33mclass[39m=[32m"form-check-input"[39m
        [33mid[39m=[32m"remote"[39m
        [33mname[39m=[32m"work-environment"[39m
        [33mtype[39m=[32m"radio"[39m
        [33mvalue[39m=[32m"remote"[39m
      [36m/>[39m

      Name "Flexible hybrid work":
      [36m<input[39m
        [33mclass[39m=[32m"form-check-input"[39m
        [33mid[39m=[32m"hybrid"[39m
        [33mname[39m=[32m"work-environment"[39m
        [33mtype[39m=[32m"radio"[39m
        [33mvalue[39m=[32m"hybrid"[39m
      [36m/>[39m

      Name "Outdoor or hands-on work":
      [36m<input[39m
        [33mclass[39m=[32m"form-check-input"[39m
        [33mid[39m=[32m"outdoor"[39m
        [33mname[39m=[32m"work-environment"[39m
        [33mtype[39m=[32m"radio"[39m
        [33mvalue[39m=[32m"outdoor"[39m
      [36m/>[39m

      Name "Fast paced, high-energy settings (e.g., hospitals, stock markets)":
      [36m<input[39m
        [33mclass[39m=[32m"form-check-input"[39m
        [33mid[39m=[32m"fast-paced"[39m
        [33mname[39m=[32m"work-environment"[39m
        [33mtype[39m=[32m"radio"[39m
        [33mvalue[39m=[32m"fast-paced"[39m
      [36m/>[39m

      Name "Independent or freelance work":
      [36m<input[39m
        [33mclass[39m=[32m"form-check-input"[39m
        [33mid[39m=[32m"independent"[39m
        [33mname[39m=[32m"work-environment"[39m
        [33mtype[39m=[32m"radio"[39m
        [33mvalue[39m=[32m"independent"[39m
      [36m/>[39m

      Name "Problem Solving":
      [36m<input[39m
        [33mclass[39m=[32m"form-check-input"[39m
        [33mid[39m=[32m"problem-solving"[39m
        [33mname[39m=[32m"work-skills"[39m
        [33mtype[39m=[32m"radio"[39m
        [33mvalue[39m=[32m"problem-solving"[39m
      [36m/>[39m

      Name "Communication":
      [36m<input[39m
        [33mclass[39m=[32m"form-check-input"[39m
        [33mid[39m=[32m"communication"[39m
        [33mname[39m=[32m"work-skills"[39m
        [33mtype[39m=[32m"radio"[39m
        [33mvalue[39m=[32m"communication"[39m
      [36m/>[39m

      Name "Creativity":
      [36m<input[39m
        [33mclass[39m=[32m"form-check-input"[39m
        [33mid[39m=[32m"creativity"[39m
        [33mname[39m=[32m"work-skills"[39m
        [33mtype[39m=[32m"radio"[39m
        [33mvalue[39m=[32m"creativity"[39m
      [36m/>[39m

      Name "Leadership":
      [36m<input[39m
        [33mclass[39m=[32m"form-check-input"[39m
        [33mid[39m=[32m"leadership"[39m
        [33mname[39m=[32m"work-skills"[39m
        [33mtype[39m=[32m"radio"[39m
        [33mvalue[39m=[32m"leadership"[39m
      [36m/>[39m

      Name "Technical Skills":
      [36m<input[39m
        [33mclass[39m=[32m"form-check-input"[39m
        [33mid[39m=[32m"technical-skills"[39m
        [33mname[39m=[32m"work-skills"[39m
        [33mtype[39m=[32m"radio"[39m
        [33mvalue[39m=[32m"technical-skills"[39m
      [36m/>[39m

      Name "Teaching/Education":
      [36m<input[39m
        [33mclass[39m=[32m"form-check-input"[39m
        [33mid[39m=[32m"teaching"[39m
        [33mname[39m=[32m"work-skills"[39m
        [33mtype[39m=[32m"radio"[39m
        [33mvalue[39m=[32m"teaching"[39m
      [36m/>[39m

      --------------------------------------------------
      contentinfo:

      Name "":
      [36m<footer[39m
        [33mclass[39m=[32m"footer"[39m
      [36m/>[39m

      --------------------------------------------------

    Ignored nodes: comments, script, style
    [36m<body>[39m
      [36m<div>[39m
        [36m<div>[39m
          [36m<header[39m
            [33mdata-testid[39m=[32m"header"[39m
            [33mstyle[39m=[32m"justify-content: space-between;"[39m
          [36m>[39m
            [36m<h1[39m
              [33mstyle[39m=[32m"font-family: callingstone; font-size: 35px; padding-top: 10px;"[39m
            [36m>[39m
              [0mDETAILED QUESTIONS[0m
            [36m</h1>[39m
            [36m<div[39m
              [33mclass[39m=[32m"nav-bar"[39m
            [36m>[39m
              [36m<button[39m
                [33mclass[39m=[32m"back-button"[39m
              [36m>[39m
                [36m<img[39m
                  [33malt[39m=[32m"polar bear wearing a graduation cap"[39m
                  [33maria-label[39m=[32m"homePage"[39m
                  [33mheight[39m=[32m"30"[39m
                  [33msrc[39m=[32m"./cisc275-logo.png"[39m
                  [33mwidth[39m=[32m"30"[39m
                [36m/>[39m
              [36m</button>[39m
              [36m<button>[39m
                [0mFAQ[0m
              [36m</button>[39m
              [36m<button>[39m
                [0mBasic Questions[0m
              [36m</button>[39m
            [36m</div>[39m
            [36m<h5[39m
              [33mclass[39m=[32m"description"[39m
              [33mstyle[39m=[32m"color: rgb(230, 217, 217); font-style: italic; text-align: center;"[39m
            [36m>[39m
              [0m Answer these questions for a more personalized career suggestion! Instead of just a general field, you'll answer in-depth questions about your interests, skills, and work preferences to get a more specific career match tailored to you.[0m
            [36m</h5>[39m
          [36m</header>[39m
          [36m<div[39m
            [33mdata-testid[39m=[32m"progressBar"[39m
            [33mstyle[39m=[32m"display: flex; justify-content: center;"[39m
          [36m>[39m
            [36m<div[39m
              [33mstyle[39m=[32m"text-align: center;"[39m
            [36m>[39m
              [36m<div[39m
                [33mclass[39m=[32m"progress-container"[39m
              [36m>[39m
                [36m<div[39m
                  [33mclass[39m=[32m"progress-bar"[39m
                  [33mstyle[39m=[32m"width: 0%;"[39m
                [36m>[39m
                  [36m<p[39m
                    [33mstyle[39m=[32m"color: snow; margin: 2%; justify-content: center;"[39m
                  [36m>[39m
                    [0m0[0m
                    [0m%[0m
                  [36m</p>[39m
                [36m</div>[39m
              [36m</div>[39m
            [36m</div>[39m
          [36m</div>[39m
          [36m<div[39m
            [33mclass[39m=[32m"Questions"[39m
            [33mdata-testid[39m=[32m"question skeleton"[39m
          [36m>[39m
            [36m<h3>[39m
              [0m1) Which type of work environment do you prefer?[0m
            [36m</h3>[39m
            [36m<div[39m
              [33mdata-testid[39m=[32m"question"[39m
            [36m>[39m
              [36m<div[39m
                [33mclass[39m=[32m"form-check"[39m
              [36m>[39m
                [36m<input[39m
                  [33mclass[39m=[32m"form-check-input"[39m
                  [33mid[39m=[32m"office"[39m
                  [33mname[39m=[32m"work-environment"[39m
                  [33mtype[39m=[32m"radio"[39m
                  [33mvalue[39m=[32m"office"[39m
                [36m/>[39m
                [36m<label[39m
                  [33mclass[39m=[32m"form-check-label"[39m
                  [33mfor[39m=[32m"office"[39m
                  [33mtitle[39m=[32m""[39m
                [36m>[39m
                  [0mStructured office setting[0m
                [36m</label>[39m
              [36m</div>[39m
              [36m<div[39m
                [33mclass[39m=[32m"form-check"[39m
              [36m>[39m
                [36m<input[39m
                  [33mclass[39m=[32m"form-check-input"[39m
                  [33mid[39m=[32m"remote"[39m
                  [33mname[39m=[32m"work-environment"[39m
                  [33mtype[39m=[32m"radio"[39m
                  [33mvalue[39m=[32m"remote"[39m
                [36m/>[39m
                [36m<label[39m
                  [33mclass[39m=[32m"form-check-label"[39m
                  [33mfor[39m=[32m"remote"[39m
                  [33mtitle[39m=[32m""[39m
                [36m>[39m
                  [0mFlexible remote work[0m
                [36m</label>[39m
              [36m</div>[39m
              [36m<div[39m
                [33mclass[39m=[32m"form-check"[39m
              [36m>[39m
                [36m<input[39m
                  [33mclass[39m=[32m"form-check-input"[39m
                  [33mid[39m=[32m"hybrid"[39m
                  [33mname[39m=[32m"work-environment"[39m
                  [33mtype[39m=[32m"radio"[39m
                  [33mvalue[39m=[32m"hybrid"[39m
                [36m/>[39m
                [36m<label[39m
                  [33mclass[39m=[32m"form-check-label"[39m
                  [33mfor[39m=[32m"hybrid"[39m
                  [33mtitle[39m=[32m""[39m
                [36m>[39m
                  [0mFlexible hybrid work[0m
                [36m</label>[39m
              [36m</div>[39m
              [36m<div[39m
                [33mclass[39m=[32m"form-check"[39m
              [36m>[39m
                [36m<input[39m
                  [33mclass[39m=[32m"form-check-input"[39m
                  [33mid[39m=[32m"outdoor"[39m
                  [33mname[39m=[32m"work-environment"[39m
                  [33mtype[39m=[32m"radio"[39m
                  [33mvalue[39m=[32m"outdoor"[39m
                [36m/>[39m
                [36m<label[39m
                  [33mclass[39m=[32m"form-check-label"[39m
                  [33mfor[39m=[32m"outdoor"[39m
                  [33mtitle[39m=[32m""[39m
                [36m>[39m
                  [0mOutdoor or hands-on work[0m
                [36m</label>[39m
              [36m</div>[39m
              [36m<div[39m
                [33mclass[39m=[32m"form-check"[39m
              [36m>[39m
                [36m<input[39m
                  [33mclass[39m=[32m"form-check-input"[39m
                  [33mid[39m=[32m"fast-paced"[39m
                  [33mname[39m=[32m"work-environment"[39m
                  [33mtype[39m=[32m"radio"[39m
                  [33mvalue[39m=[32m"fast-paced"[39m
                [36m/>[39m
                [36m<label[39m
                  [33mclass[39m=[32m"form-check-label"[39m
                  [33mfor[39m=[32m"fast-paced"[39m
                  [33mtitle[39m=[32m""[39m
                [36m>[39m
                  [0mFast paced, high-energy settings (e.g., hospitals, stock markets)[0m
                [36m</label>[39m
              [36m</div>[39m
              [36m<div[39m
                [33mclass[39m=[32m"form-check"[39m
              [36m>[39m
                [36m<input[39m
                  [33mclass[39m=[32m"form-check-input"[39m
                  [33mid[39m=[32m"independent"[39m
                  [33mname[39m=[32m"work-environment"[39m
                  [33mtype[39m=[32m"radio"[39m
                  [33mvalue[39m=[32m"independent"[39m
                [36m/>[39m
                [36m<label[39m
                  [33mclass[39m=[32m"form-check-label"[39m
                  [33mfor[39m=[32m"independent"[39m
                  [33mtitle[39m=[32m""[39m
                [36m>[39m
                  [0mIndependent or freelance work[0m
                [36m</label>[39m
              [36m</div>[39m
            [36m</div>[39m
            [36m<h3>[39m
              [0m2) Which skills do you excel at or enjoy using the most?[0m
            [36m</h3>[39m
            [36m<div[39m
              [33mdata-testid[39m=[32m"question"[39m
            [36m>[39m
              [36m<div[39m
                [33mclass[39m=[32m"form-check"[39m
              [36m>[39m
                [36m<input[39m
                  [33mclass[39m=[32m"form-check-input"[39m
                  [33mid[39m=[32m"problem-solving"[39m
                  [33mname[39m=[32m"work-skills"[39m
                  [33mtype[39m=[32m"radio"[39m
                  [33mvalue[39m=[32m"problem-solving"[39m
                [36m/>[39m
                [36m<label[39m
                  [33mclass[39m=[32m"form-check-label"[39m
                  [33mfor[39m=[32m"problem-solving"[39m
                  [33mtitle[39m=[32m""[39m
                [36m>[39m
                  [0mProblem Solving[0m
                [36m</label>[39m
              [36m</div>[39m
              [36m<div[39m
                [33mclass[39m=[32m"form-check"[39m
              [36m>[39m
                [36m<input[39m
                  [33mclass[39m=[32m"form-check-input"[39m
                  [33mid[39m=[32m"communication"[39m
                  [33mname[39m=[32m"work-skills"[39m
                  [33mtype[39m=[32m"radio"[39m
                  [33mvalue[39m=[32m"communication"[39m
                [36m/>[39m
                [36m<label[39m
                  [33mclass[39m=[32m"form-check-label"[39m
                  [33mfor[39m=[32m"communication"[39m
                  [33mtitle[39m=[32m""[39m
                [36m>[39m
                  [0mCommunication[0m
                [36m</label>[39m
              [36m</div>[39m
              [36m<div[39m
                [33mclass[39m=[32m"form-check"[39m
              [36m>[39m
                [36m<input[39m
                  [33mclass[39m=[32m"form-check-input"[39m
                  [33mid[39m=[32m"creativity"[39m
                  [33mname[39m=[32m"work-skills"[39m
                  [33mtype[39m=[32m"radio"[39m
                  [33mvalue[39m=[32m"creativity"[39m
                [36m/>[39m
                [36m<label[39m
                  [33mclass[39m=[32m"form-check-label"[39m
                  [33mfor[39m=[32m"creativity"[39m
                  [33mtitle[39m=[32m""[39m
                [36m>[39m
                  [0mCreativity[0m
                [36m</label>[39m
              [36m</div>[39m
              [36m<div[39m
                [33mclass[39m=[32m"form-check"[39m
              [36m>[39m
                [36m<input[39m
                  [33mclass[39m=[32m"form-check-input"[39m
                  [33mid[39m=[32m"leadership"[39m
                  [33mname[39m=[32m"work-skills"[39m
                  [33mtype[39m=[32m"radio"[39m
                  [33mvalue[39m=[32m"leadership"[39m
                [36m/>[39m
                [36m<label[39m
                  [33mclass[39m=[32m"form-check-label"[39m
                  [33mfor[39m=[32m"leadership"[39m
                  [33mtitle[39m=[32m""[39m
                [36m>[39m
                  [0mLeadership[0m
                [36m</label>[39m
              [36m</div>[39m
              [36m<div[39m
                [33mclass[39m=[32m"form-check"[39m
              [36m>[39m
                [36m<input[39m
                  [33mclass[39m=[32m"form-check-input"[39m
                  [33mid[39m=[32m"technical-skills"[39m
                  [33mname[39m=[32m"work-skills"[39m
                  [33mtype[39m=[32m"radio"[39m
                  [33mvalue[39m=[32m"technical-skills"[39m
                [36m/>[39m
                [36m<label[39m
                  [33mclass[39m=[32m"form-check-label"[39m
                  [33mfor[39m=[32m"technical-skills"[39m
                  [33mtitle[39m=[32m""[39m
                [36m>[39m
                  [0mTechnical Skills[0m
                [36m</label>[39m
              [36m</div>[39m
              [36m<div[39m
                [33mclass[39m=[32m"form-check"[39m
              [36m>[39m
                [36m<input[39m
                  [33mclass[39m=[32m"form-check-input"[39m
                  [33mid[39m=[32m"teaching"[39m
                  [33mname[39m=[32m"work-skills"[39m
                  [33mtype[39m=[32m"radio"[39m
                  [33mvalue[39m=[32m"teaching"[39m
                [36m/>[39m
                [36m<label[39m
                  [33mclass[39m=[32m"form-check-label"[39m
                  [33mfor[39m=[32m"teaching"[39m
                  [33mtitle[39m=[32m""[39m
                [36m>[39m
                  [0mTeaching/Education[0m
                [36m</label>[39m
              [36m</div>[39m
            [36m</div>[39m
            [36m<div[39m
              [33mclass[39m=[32m"pagination-buttons"[39m
              [33mstyle[39m=[32m"display: flex; justify-content: space-between; margin-top: 20px;"[39m
            [36m>[39m
              [36m<button[39m
                [33mdisabled[39m=[32m""[39m
              [36m>[39m
                [0m⬅️ Previous[0m
              [36m</button>[39m
              [36m<button>[39m
                [0mNext ➡️[0m
              [36m</button>[39m
            [36m</div>[39m
            [36m<div[39m
              [33mstyle[39m=[32m"text-align: center; margin-top: 30px;"[39m
            [36m>[39m
              [36m<div[39m
                [33mclass[39m=[32m"submit-container"[39m
              [36m>[39m
                [36m<button[39m
                  [33mclass[39m=[32m"submit-button disabled"[39m
                  [33mdisabled[39m=[32m""[39m
                [36m>[39m
                  [0mSubmit[0m
                [36m</button>[39m
                [36m<button[39m
                  [33mclass[39m=[32m"clear-button"[39m
                  [33mdisabled[39m=[32m""[39m
                [36m>[39m
                  [0mClear[0m
                [36m</button>[39m
              [36m</div>[39m
            [36m</div>[39m
          [36m</div>[39m
          [36m<div[39m
            [33mdata-testid[39m=[32m"confettiAnim"[39m
          [36m/>[39m
          [36m<footer[39m
            [33mclass[39m=[32m"footer"[39m
          [36m>[39m
            [36m<div>[39m
              [36m<p>[39m
                [0mMade with 💛 by Luc, Hanna & Isha — CareerHelpi 2025[0m
              [36m</p>[39m
            [36m</div>[39m
          [36m</footer>[39m
        [36m</div>[39m
      [36m</div>[39m
    [36m</body>[39m

    [0m [90m 17 |[39m             screen[33m.[39mgetByRole([32m"button"[39m[33m,[39m {name[33m:[39m[35m/FAQ/i[39m}) 
     [90m 18 |[39m             [33m&&[39m 
    [31m[1m>[22m[39m[90m 19 |[39m             screen[33m.[39mgetByRole([32m"button"[39m[33m,[39m {name[33m:[39m[35m/User Profile/i[39m})
     [90m    |[39m                    [31m[1m^[22m[39m
     [90m 20 |[39m         )[33m.[39mtoBeInTheDocument()[33m;[39m
     [90m 21 |[39m     })
     [90m 22 |[39m     test([32m'if there is a button for the detailed question'[39m[33m,[39m()[33m=>[39m{[0m

      at Object.getElementError (node_modules/@testing-library/dom/dist/config.js:37:19)
      at node_modules/@testing-library/dom/dist/query-helpers.js:76:38
      at node_modules/@testing-library/dom/dist/query-helpers.js:52:17
      at getByRole (node_modules/@testing-library/dom/dist/query-helpers.js:95:19)
      at Object.<anonymous> (src/tests/DetailedQs.test.tsx:19:20)

FAIL src/tests/BasicQs.test.tsx
  ● testing the basic question page › if there is a button to go to the FAQ and the User Profile

    TestingLibraryElementError: Unable to find an accessible element with the role "button" and name `/User Profile/i`

    Here are the accessible roles:

      banner:

      Name "":
      [36m<header[39m
        [33mstyle[39m=[32m"justify-content: space-between;"[39m
      [36m/>[39m

      --------------------------------------------------
      heading:

      Name "BASIC QUESTIONS":
      [36m<h1[39m
        [33mstyle[39m=[32m"font-family: callingstone; font-size: 35px; padding-top: 10px;"[39m
      [36m/>[39m

      Name "Answer these questions to find out what field might be best! By the end, you will receive a general field that match your interests and desires.":
      [36m<h5[39m
        [33mclass[39m=[32m"description"[39m
        [33mstyle[39m=[32m"color: rgb(230, 217, 217); font-style: italic; text-align: center;"[39m
      [36m/>[39m

      Name "1) I like disassembling and reassembling things":
      [36m<h3 />[39m

      Name "2) I am good at collaborating with others":
      [36m<h3 />[39m

      --------------------------------------------------
      button:

      Name "polar bear wearing a graduation cap":
      [36m<button[39m
        [33mclass[39m=[32m"back-button"[39m
      [36m/>[39m

      Name "FAQ":
      [36m<button />[39m

      Name "Detailed Questions":
      [36m<button />[39m

      Name "⬅️ Previous":
      [36m<button[39m
        [33mdisabled[39m=[32m""[39m
      [36m/>[39m

      Name "Next ➡️":
      [36m<button />[39m

      Name "Submit":
      [36m<button[39m
        [33mclass[39m=[32m"submit-button disabled"[39m
        [33mdisabled[39m=[32m""[39m
      [36m/>[39m

      Name "Clear":
      [36m<button[39m
        [33mclass[39m=[32m"clear-button disabled"[39m
      [36m/>[39m

      --------------------------------------------------
      img:

      Name "polar bear wearing a graduation cap":
      [36m<img[39m
        [33malt[39m=[32m"polar bear wearing a graduation cap"[39m
        [33mheight[39m=[32m"30"[39m
        [33msrc[39m=[32m"./cisc275-logo.png"[39m
        [33mwidth[39m=[32m"30"[39m
      [36m/>[39m

      --------------------------------------------------
      paragraph:

      Name "":
      [36m<p[39m
        [33mstyle[39m=[32m"color: snow; margin: 2%; justify-content: center;"[39m
      [36m/>[39m

      Name "":
      [36m<p />[39m

      --------------------------------------------------
      radio:

      Name "":
      [36m<input[39m
        [33mclass[39m=[32m"form-check-input"[39m
        [33mname[39m=[32m"I like disassembling and reassembling things"[39m
        [33mtype[39m=[32m"radio"[39m
        [33mvalue[39m=[32m"Strongly Agree"[39m
      [36m/>[39m

      Name "":
      [36m<input[39m
        [33mclass[39m=[32m"form-check-input"[39m
        [33mname[39m=[32m"I like disassembling and reassembling things"[39m
        [33mtype[39m=[32m"radio"[39m
        [33mvalue[39m=[32m"Agree"[39m
      [36m/>[39m

      Name "":
      [36m<input[39m
        [33mclass[39m=[32m"form-check-input"[39m
        [33mname[39m=[32m"I like disassembling and reassembling things"[39m
        [33mtype[39m=[32m"radio"[39m
        [33mvalue[39m=[32m"Neither agree nor Disagree"[39m
      [36m/>[39m

      Name "":
      [36m<input[39m
        [33mclass[39m=[32m"form-check-input"[39m
        [33mname[39m=[32m"I like disassembling and reassembling things"[39m
        [33mtype[39m=[32m"radio"[39m
        [33mvalue[39m=[32m"Disagree"[39m
      [36m/>[39m

      Name "":
      [36m<input[39m
        [33mclass[39m=[32m"form-check-input"[39m
        [33mname[39m=[32m"I like disassembling and reassembling things"[39m
        [33mtype[39m=[32m"radio"[39m
        [33mvalue[39m=[32m"Strongly Disagree"[39m
      [36m/>[39m

      Name "":
      [36m<input[39m
        [33mclass[39m=[32m"form-check-input"[39m
        [33mname[39m=[32m"I am good at collaborating with others"[39m
        [33mtype[39m=[32m"radio"[39m
        [33mvalue[39m=[32m"Strongly Agree"[39m
      [36m/>[39m

      Name "":
      [36m<input[39m
        [33mclass[39m=[32m"form-check-input"[39m
        [33mname[39m=[32m"I am good at collaborating with others"[39m
        [33mtype[39m=[32m"radio"[39m
        [33mvalue[39m=[32m"Agree"[39m
      [36m/>[39m

      Name "":
      [36m<input[39m
        [33mclass[39m=[32m"form-check-input"[39m
        [33mname[39m=[32m"I am good at collaborating with others"[39m
        [33mtype[39m=[32m"radio"[39m
        [33mvalue[39m=[32m"Neither agree nor Disagree"[39m
      [36m/>[39m

      Name "":
      [36m<input[39m
        [33mclass[39m=[32m"form-check-input"[39m
        [33mname[39m=[32m"I am good at collaborating with others"[39m
        [33mtype[39m=[32m"radio"[39m
        [33mvalue[39m=[32m"Disagree"[39m
      [36m/>[39m

      Name "":
      [36m<input[39m
        [33mclass[39m=[32m"form-check-input"[39m
        [33mname[39m=[32m"I am good at collaborating with others"[39m
        [33mtype[39m=[32m"radio"[39m
        [33mvalue[39m=[32m"Strongly Disagree"[39m
      [36m/>[39m

      --------------------------------------------------
      contentinfo:

      Name "":
      [36m<footer[39m
        [33mclass[39m=[32m"footer"[39m
      [36m/>[39m

      --------------------------------------------------

    Ignored nodes: comments, script, style
    [36m<body>[39m
      [36m<div>[39m
        [36m<div>[39m
          [36m<header[39m
            [33mstyle[39m=[32m"justify-content: space-between;"[39m
          [36m>[39m
            [36m<h1[39m
              [33mstyle[39m=[32m"font-family: callingstone; font-size: 35px; padding-top: 10px;"[39m
            [36m>[39m
              [0mBASIC QUESTIONS[0m
            [36m</h1>[39m
            [36m<div[39m
              [33mclass[39m=[32m"nav-bar"[39m
            [36m>[39m
              [36m<button[39m
                [33mclass[39m=[32m"back-button"[39m
              [36m>[39m
                [36m<img[39m
                  [33malt[39m=[32m"polar bear wearing a graduation cap"[39m
                  [33mheight[39m=[32m"30"[39m
                  [33msrc[39m=[32m"./cisc275-logo.png"[39m
                  [33mwidth[39m=[32m"30"[39m
                [36m/>[39m
              [36m</button>[39m
              [36m<button>[39m
                [0mFAQ[0m
              [36m</button>[39m
              [36m<button>[39m
                [0mDetailed Questions[0m
              [36m</button>[39m
            [36m</div>[39m
            [36m<h5[39m
              [33mclass[39m=[32m"description"[39m
              [33mstyle[39m=[32m"color: rgb(230, 217, 217); font-style: italic; text-align: center;"[39m
            [36m>[39m
              [0m Answer these questions to find out what field might be best! By the end, you will receive a general field that match your interests and desires.[0m
            [36m</h5>[39m
          [36m</header>[39m
          [36m<div[39m
            [33mdata-testid[39m=[32m"progressBar"[39m
            [33mstyle[39m=[32m"display: flex; justify-content: center;"[39m
          [36m>[39m
            [36m<div[39m
              [33mstyle[39m=[32m"text-align: center;"[39m
            [36m>[39m
              [36m<div[39m
                [33mclass[39m=[32m"progress-container"[39m
              [36m>[39m
                [36m<div[39m
                  [33mclass[39m=[32m"progress-bar"[39m
                  [33mstyle[39m=[32m"width: 0%;"[39m
                [36m>[39m
                  [36m<p[39m
                    [33mstyle[39m=[32m"color: snow; margin: 2%; justify-content: center;"[39m
                  [36m>[39m
                    [0m0[0m
                    [0m%[0m
                  [36m</p>[39m
                [36m</div>[39m
              [36m</div>[39m
            [36m</div>[39m
          [36m</div>[39m
          [36m<div[39m
            [33mclass[39m=[32m"Questions"[39m
            [33mdata-testid[39m=[32m"question skeleton"[39m
          [36m>[39m
            [36m<h3>[39m
              [0m1) I like disassembling and reassembling things[0m
            [36m</h3>[39m
            [36m<div[39m
              [33mdata-testid[39m=[32m"question"[39m
            [36m>[39m
              [36m<div[39m
                [33mclass[39m=[32m"form-check form-check-inline"[39m
              [36m>[39m
                [36m<input[39m
                  [33mclass[39m=[32m"form-check-input"[39m
                  [33mname[39m=[32m"I like disassembling and reassembling things"[39m
                  [33mtype[39m=[32m"radio"[39m
                  [33mvalue[39m=[32m"Strongly Agree"[39m
                [36m/>[39m
                [36m<label[39m
                  [33mclass[39m=[32m"form-check-label"[39m
                  [33mtitle[39m=[32m""[39m
                [36m>[39m
                  [0mStrongly Agree[0m
                [36m</label>[39m
              [36m</div>[39m
              [36m<div[39m
                [33mclass[39m=[32m"form-check form-check-inline"[39m
              [36m>[39m
                [36m<input[39m
                  [33mclass[39m=[32m"form-check-input"[39m
                  [33mname[39m=[32m"I like disassembling and reassembling things"[39m
                  [33mtype[39m=[32m"radio"[39m
                  [33mvalue[39m=[32m"Agree"[39m
                [36m/>[39m
                [36m<label[39m
                  [33mclass[39m=[32m"form-check-label"[39m
                  [33mtitle[39m=[32m""[39m
                [36m>[39m
                  [0mAgree[0m
                [36m</label>[39m
              [36m</div>[39m
              [36m<div[39m
                [33mclass[39m=[32m"form-check form-check-inline"[39m
              [36m>[39m
                [36m<input[39m
                  [33mclass[39m=[32m"form-check-input"[39m
                  [33mname[39m=[32m"I like disassembling and reassembling things"[39m
                  [33mtype[39m=[32m"radio"[39m
                  [33mvalue[39m=[32m"Neither agree nor Disagree"[39m
                [36m/>[39m
                [36m<label[39m
                  [33mclass[39m=[32m"form-check-label"[39m
                  [33mtitle[39m=[32m""[39m
                [36m>[39m
                  [0mNeither agree nor Disagree[0m
                [36m</label>[39m
              [36m</div>[39m
              [36m<div[39m
                [33mclass[39m=[32m"form-check form-check-inline"[39m
              [36m>[39m
                [36m<input[39m
                  [33mclass[39m=[32m"form-check-input"[39m
                  [33mname[39m=[32m"I like disassembling and reassembling things"[39m
                  [33mtype[39m=[32m"radio"[39m
                  [33mvalue[39m=[32m"Disagree"[39m
                [36m/>[39m
                [36m<label[39m
                  [33mclass[39m=[32m"form-check-label"[39m
                  [33mtitle[39m=[32m""[39m
                [36m>[39m
                  [0mDisagree[0m
                [36m</label>[39m
              [36m</div>[39m
              [36m<div[39m
                [33mclass[39m=[32m"form-check form-check-inline"[39m
              [36m>[39m
                [36m<input[39m
                  [33mclass[39m=[32m"form-check-input"[39m
                  [33mname[39m=[32m"I like disassembling and reassembling things"[39m
                  [33mtype[39m=[32m"radio"[39m
                  [33mvalue[39m=[32m"Strongly Disagree"[39m
                [36m/>[39m
                [36m<label[39m
                  [33mclass[39m=[32m"form-check-label"[39m
                  [33mtitle[39m=[32m""[39m
                [36m>[39m
                  [0mStrongly Disagree[0m
                [36m</label>[39m
              [36m</div>[39m
            [36m</div>[39m
            [36m<h3>[39m
              [0m2) I am good at collaborating with others[0m
            [36m</h3>[39m
            [36m<div[39m
              [33mdata-testid[39m=[32m"question"[39m
            [36m>[39m
              [36m<div[39m
                [33mclass[39m=[32m"form-check form-check-inline"[39m
              [36m>[39m
                [36m<input[39m
                  [33mclass[39m=[32m"form-check-input"[39m
                  [33mname[39m=[32m"I am good at collaborating with others"[39m
                  [33mtype[39m=[32m"radio"[39m
                  [33mvalue[39m=[32m"Strongly Agree"[39m
                [36m/>[39m
                [36m<label[39m
                  [33mclass[39m=[32m"form-check-label"[39m
                  [33mtitle[39m=[32m""[39m
                [36m>[39m
                  [0mStrongly Agree[0m
                [36m</label>[39m
              [36m</div>[39m
              [36m<div[39m
                [33mclass[39m=[32m"form-check form-check-inline"[39m
              [36m>[39m
                [36m<input[39m
                  [33mclass[39m=[32m"form-check-input"[39m
                  [33mname[39m=[32m"I am good at collaborating with others"[39m
                  [33mtype[39m=[32m"radio"[39m
                  [33mvalue[39m=[32m"Agree"[39m
                [36m/>[39m
                [36m<label[39m
                  [33mclass[39m=[32m"form-check-label"[39m
                  [33mtitle[39m=[32m""[39m
                [36m>[39m
                  [0mAgree[0m
                [36m</label>[39m
              [36m</div>[39m
              [36m<div[39m
                [33mclass[39m=[32m"form-check form-check-inline"[39m
              [36m>[39m
                [36m<input[39m
                  [33mclass[39m=[32m"form-check-input"[39m
                  [33mname[39m=[32m"I am good at collaborating with others"[39m
                  [33mtype[39m=[32m"radio"[39m
                  [33mvalue[39m=[32m"Neither agree nor Disagree"[39m
                [36m/>[39m
                [36m<label[39m
                  [33mclass[39m=[32m"form-check-label"[39m
                  [33mtitle[39m=[32m""[39m
                [36m>[39m
                  [0mNeither agree nor Disagree[0m
                [36m</label>[39m
              [36m</div>[39m
              [36m<div[39m
                [33mclass[39m=[32m"form-check form-check-inline"[39m
              [36m>[39m
                [36m<input[39m
                  [33mclass[39m=[32m"form-check-input"[39m
                  [33mname[39m=[32m"I am good at collaborating with others"[39m
                  [33mtype[39m=[32m"radio"[39m
                  [33mvalue[39m=[32m"Disagree"[39m
                [36m/>[39m
                [36m<label[39m
                  [33mclass[39m=[32m"form-check-label"[39m
                  [33mtitle[39m=[32m""[39m
                [36m>[39m
                  [0mDisagree[0m
                [36m</label>[39m
              [36m</div>[39m
              [36m<div[39m
                [33mclass[39m=[32m"form-check form-check-inline"[39m
              [36m>[39m
                [36m<input[39m
                  [33mclass[39m=[32m"form-check-input"[39m
                  [33mname[39m=[32m"I am good at collaborating with others"[39m
                  [33mtype[39m=[32m"radio"[39m
                  [33mvalue[39m=[32m"Strongly Disagree"[39m
                [36m/>[39m
                [36m<label[39m
                  [33mclass[39m=[32m"form-check-label"[39m
                  [33mtitle[39m=[32m""[39m
                [36m>[39m
                  [0mStrongly Disagree[0m
                [36m</label>[39m
              [36m</div>[39m
            [36m</div>[39m
            [36m<div[39m
              [33mclass[39m=[32m"pagination-buttons"[39m
              [33mstyle[39m=[32m"display: flex; justify-content: space-between; margin-top: 20px;"[39m
            [36m>[39m
              [36m<button[39m
                [33mdisabled[39m=[32m""[39m
              [36m>[39m
                [0m⬅️ Previous[0m
              [36m</button>[39m
              [36m<button>[39m
                [0mNext ➡️[0m
              [36m</button>[39m
            [36m</div>[39m
            [36m<div[39m
              [33mstyle[39m=[32m"text-align: center; margin-top: 30px;"[39m
            [36m>[39m
              [36m<div[39m
                [33mclass[39m=[32m"submit-container"[39m
              [36m>[39m
                [36m<button[39m
                  [33mclass[39m=[32m"submit-button disabled"[39m
                  [33mdisabled[39m=[32m""[39m
                [36m>[39m
                  [0mSubmit[0m
                [36m</button>[39m
                [36m<button[39m
                  [33mclass[39m=[32m"clear-button disabled"[39m
                [36m>[39m
                  [0mClear[0m
                [36m</button>[39m
              [36m</div>[39m
            [36m</div>[39m
          [36m</div>[39m
          [36m<div[39m
            [33mdata-testid[39m=[32m"confettiAnim"[39m
          [36m/>[39m
          [36m<footer[39m
            [33mclass[39m=[32m"footer"[39m
          [36m>[39m
            [36m<div>[39m
              [36m<p>[39m
                [0mMade with 💛 by Luc, Hanna & Isha — CareerHelpi 2025[0m
              [36m</p>[39m
            [36m</div>[39m
          [36m</footer>[39m
        [36m</div>[39m
      [36m</div>[39m
    [36m</body>[39m

    [0m [90m  9 |[39m             screen[33m.[39mgetByRole([32m"button"[39m[33m,[39m {name[33m:[39m[35m/FAQ/i[39m}) 
     [90m 10 |[39m             [33m&&[39m 
    [31m[1m>[22m[39m[90m 11 |[39m             screen[33m.[39mgetByRole([32m"button"[39m[33m,[39m {name[33m:[39m[35m/User Profile/i[39m})
     [90m    |[39m                    [31m[1m^[22m[39m
     [90m 12 |[39m         )[33m.[39mtoBeInTheDocument()[33m;[39m
     [90m 13 |[39m     })
     [90m 14 |[39m     test([32m'if there is a button for the detailed question'[39m[33m,[39m()[33m=>[39m{[0m

      at Object.getElementError (node_modules/@testing-library/dom/dist/config.js:37:19)
      at node_modules/@testing-library/dom/dist/query-helpers.js:76:38
      at node_modules/@testing-library/dom/dist/query-helpers.js:52:17
      at getByRole (node_modules/@testing-library/dom/dist/query-helpers.js:95:19)
      at Object.<anonymous> (src/tests/BasicQs.test.tsx:11:20)

------------------------|---------|----------|---------|---------|-------------------------
File                    | % Stmts | % Branch | % Funcs | % Lines | Uncovered Line #s       
------------------------|---------|----------|---------|---------|-------------------------
All files               |   10.69 |    25.69 |    5.55 |   13.18 |                         
 src                    |    1.28 |        0 |    8.33 |    1.28 |                         
  App.tsx               |       0 |        0 |       0 |       0 | 9-193                   
  footer.tsx            |     100 |      100 |     100 |     100 |                         
  index.tsx             |       0 |      100 |     100 |       0 | 13-34                   
  reportWebVitals.ts    |       0 |        0 |       0 |       0 | 3-10                    
 src/pages              |   21.87 |       12 |   11.11 |   21.83 |                         
  BasicQs.tsx           |    37.5 |    16.66 |      20 |   38.09 | 24-30,35-46,52-55,62-76 
  DetailedQs.tsx        |   41.46 |    21.42 |   28.57 |   42.85 | 27-42,48-54,60-63       
  basicReport.tsx       |       0 |        0 |       0 |       0 | 12-92                   
  detailedReport.tsx    |       0 |        0 |       0 |       0 | 11-103                  
  faq.tsx               |       0 |      100 |       0 |       0 | 6                       
 src/pages/homepages    |   21.53 |       20 |      10 |      28 |                         
  FAQ_user_home.tsx     |       0 |        0 |       0 |       0 | 5-13                    
  basic_home.tsx        |   53.84 |       50 |      25 |      70 | 17-21                   
  basic_report_home.tsx |       0 |        0 |       0 |       0 | 5-24                    
  detailed_home.tsx     |   53.84 |       50 |      25 |      70 | 17-21                   
  detailed_rep_home.tsx |       0 |        0 |       0 |       0 | 5-25                    
 src/pages/questions    |    1.09 |    83.33 |    2.12 |    2.12 |                         
  BasicQuestion.tsx     |    1.09 |    81.25 |    2.12 |    2.12 | 38-154                  
  DetailedQuestions.tsx |    1.08 |    85.71 |    2.12 |    2.12 | 36-446                  
------------------------|---------|----------|---------|---------|-------------------------
Test Suites: 3 failed, 3 total
Tests:       2 failed, 13 passed, 15 total
Snapshots:   0 total
Time:        5.453 s
Ran all test suites.
